// Vitest Snapshot v1, https://vitest.dev/guide/snapshot.html

exports[`GifsApp > should render component properly 1`] = `
<div>
  <div>
    <section
      class="content-center"
    >
      <h1>
        Buscador de gifs
      </h1>
      <p>
        Descubre y comparte el gif perfecto
      </p>
    </section>
    <section
      class="search-container"
    >
      <input
        placeholder="Busca un gif"
        type="text"
        value=""
      />
      <button>
        Buscar
      </button>
    </section>
    <section
      class="previous-searches"
    >
      <ul
        class="previous-searches-list"
      />
    </section>
    <section
      class="gifs-container"
    >
      <p
        class="no-results"
      >
        🔎 Escribe en el buscador para encontrar tu gif.
      </p>
    </section>
  </div>
</div>
`;
